\BOOKMARK [1][-]{section.1}{\376\377\000I\000n\000t\000r\000o\000d\000u\000c\000t\000i\000o\000n}{}% 1
\BOOKMARK [2][-]{subsection.1.1}{\376\377\000C\000o\000n\000t\000e\000x\000t\000e\000\040\000e\000t\000\040\000p\000r\000o\000b\000l\000\351\000m\000a\000t\000i\000q\000u\000e}{section.1}% 2
\BOOKMARK [2][-]{subsection.1.2}{\376\377\000R\000a\000p\000p\000e\000l\000s\000\040\000t\000h\000\351\000o\000r\000i\000q\000u\000e\000s\000\040\000s\000u\000r\000\040\000l\000a\000\040\000g\000\351\000o\000s\000t\000a\000t\000i\000s\000t\000i\000q\000u\000e\000\040\000l\000i\000n\000\351\000a\000i\000r\000e}{section.1}% 3
\BOOKMARK [3][-]{subsubsection.1.2.1}{\376\377\000H\000y\000p\000o\000t\000h\000\350\000s\000e\000s\000\040\000d\000e\000\040\000s\000t\000a\000t\000i\000o\000n\000n\000a\000r\000i\000t\000\351}{subsection.1.2}% 4
\BOOKMARK [3][-]{subsubsection.1.2.2}{\376\377\000P\000r\000o\000p\000r\000i\000\351\000t\000\351\000s\000\040\000d\000'\000o\000p\000t\000i\000m\000a\000l\000i\000t\000\351\000\040\000d\000u\000\040\000k\000r\000i\000g\000e\000a\000g\000e}{subsection.1.2}% 5
\BOOKMARK [3][-]{subsubsection.1.2.3}{\376\377\000R\000e\000l\000a\000t\000i\000o\000n\000\040\000e\000n\000t\000r\000e\000\040\000k\000r\000i\000g\000e\000a\000g\000e\000\040\000e\000t\000\040\000r\000\351\000g\000r\000e\000s\000s\000i\000o\000n}{subsection.1.2}% 6
\BOOKMARK [3][-]{subsubsection.1.2.4}{\376\377\000I\000n\000t\000e\000r\000v\000a\000l\000l\000e\000s\000\040\000d\000e\000\040\000p\000r\000\351\000d\000i\000c\000t\000i\000o\000n\000\040\000v\000s\000\040\000i\000n\000t\000e\000r\000v\000a\000l\000l\000e\000s\000\040\000d\000e\000\040\000c\000o\000n\000f\000i\000a\000n\000c\000e}{subsection.1.2}% 7
\BOOKMARK [1][-]{section.2}{\376\377\000M\000a\000t\000\351\000r\000i\000e\000l\000\040\000e\000t\000\040\000M\000\351\000t\000h\000o\000d\000e\000s}{}% 8
\BOOKMARK [2][-]{subsection.2.1}{\376\377\000Z\000o\000n\000e\000\040\000d\000'\000\351\000t\000u\000d\000e\000,\000\040\000d\000o\000n\000n\000\351\000e\000s\000\040\000e\000t\000\040\000c\000o\000n\000t\000e\000x\000t\000e\000\040\000g\000\351\000o\000l\000o\000g\000i\000q\000u\000e}{section.2}% 9
\BOOKMARK [3][-]{subsubsection.2.1.1}{\376\377\000T\000e\000r\000r\000i\000t\000o\000i\000r\000e\000\040\000t\000o\000g\000o\000l\000a\000i\000s\000\040\000e\000t\000\040\000c\000o\000n\000t\000r\000a\000i\000n\000t\000e\000s\000\040\000s\000p\000a\000t\000i\000a\000l\000e\000s}{subsection.2.1}% 10
\BOOKMARK [3][-]{subsubsection.2.1.2}{\376\377\000B\000a\000s\000e\000\040\000d\000e\000\040\000d\000o\000n\000n\000\351\000e\000s\000\040\000g\000\351\000o\000t\000e\000c\000h\000n\000i\000q\000u\000e\000s}{subsection.2.1}% 11
\BOOKMARK [3][-]{subsubsection.2.1.3}{\376\377\000C\000o\000u\000c\000h\000e\000s\000\040\000g\000\351\000o\000l\000o\000g\000i\000q\000u\000e\000s\000,\000\040\000p\000\351\000d\000o\000l\000o\000g\000i\000q\000u\000e\000s\000\040\000e\000t\000\040\000r\000i\000s\000q\000u\000e\000\040\000R\000G\000A}{subsection.2.1}% 12
\BOOKMARK [2][-]{subsection.2.2}{\376\377\000C\000a\000l\000c\000u\000l\000\040\000d\000e\000s\000\040\000c\000o\000v\000a\000r\000i\000a\000b\000l\000e\000s\000\040\000S\000C\000O\000R\000P\000A\000N}{section.2}% 13
\BOOKMARK [3][-]{subsubsection.2.2.1}{\376\377\000M\000o\000d\000\350\000l\000e\000\040\000n\000u\000m\000\351\000r\000i\000q\000u\000e\000\040\000d\000e\000\040\000t\000e\000r\000r\000a\000i\000n\000\040\000\050\000S\000R\000T\000M\000\040\0003\0000\000\040\000m\000\051}{subsection.2.2}% 14
\BOOKMARK [3][-]{subsubsection.2.2.2}{\376\377\000C\000o\000v\000a\000r\000i\000a\000b\000l\000e\000s\000\040\000c\000l\000i\000m\000a\000t\000i\000q\000u\000e\000s\000\040\000\050\000W\000o\000r\000l\000d\000C\000l\000i\000m\000\040\000v\0002\000.\0001\000\051}{subsection.2.2}% 15
\BOOKMARK [3][-]{subsubsection.2.2.3}{\376\377\000C\000o\000v\000a\000r\000i\000a\000b\000l\000e\000s\000\040\000g\000\351\000o\000l\000o\000g\000i\000q\000u\000e\000s\000\040\000e\000t\000\040\000p\000\351\000d\000o\000l\000o\000g\000i\000q\000u\000e\000s}{subsection.2.2}% 16
\BOOKMARK [3][-]{subsubsection.2.2.4}{\376\377\000R\000\351\000s\000u\000m\000\351\000\040\000d\000e\000s\000\040\000c\000o\000v\000a\000r\000i\000a\000b\000l\000e\000s\000\040\000S\000C\000O\000R\000P\000A\000N}{subsection.2.2}% 17
\BOOKMARK [2][-]{subsection.2.3}{\376\377\000F\000o\000r\000m\000u\000l\000a\000t\000i\000o\000n\000s\000\040\000m\000a\000t\000h\000\351\000m\000a\000t\000i\000q\000u\000e\000s\000\040\000d\000e\000s\000\040\000m\000o\000d\000\350\000l\000e\000s}{section.2}% 18
\BOOKMARK [3][-]{subsubsection.2.3.1}{\376\377\000L\0001\000\040\040\024\000\040\000K\000E\000D\000\040\000H\000i\000\351\000r\000a\000r\000c\000h\000i\000q\000u\000e\000\040\000\050\000K\000E\000D\000-\000H\000\051}{subsection.2.3}% 19
\BOOKMARK [3][-]{subsubsection.2.3.2}{\376\377\000L\0002\000a\000\040\040\024\000\040\000R\000K\000-\000S\000C\000O\000R\000P\000A\000N}{subsection.2.3}% 20
\BOOKMARK [3][-]{subsubsection.2.3.3}{\376\377\000L\0002\000b\000\040\040\024\000\040\000F\000u\000s\000i\000o\000n\000\040\000B\000a\000y\000\351\000s\000i\000e\000n\000n\000e\000\040\000B\000L\000U\000P}{subsection.2.3}% 21
\BOOKMARK [3][-]{subsubsection.2.3.4}{\376\377\000L\0003\000\040\040\024\000\040\000V\000f\000S\000-\000P\000L\000S\000\040\000\050\000S\000e\000n\000t\000i\000n\000e\000l\000-\0002\000\051}{subsection.2.3}% 22
\BOOKMARK [3][-]{subsubsection.2.3.5}{\376\377\000L\0004\000\040\040\024\000\040\000P\000r\000o\000c\000e\000s\000s\000u\000s\000\040\000G\000a\000u\000s\000s\000i\000e\000n\000\040\000M\000u\000l\000t\000i\000-\000T\000\342\000c\000h\000e\000s\000\040\000\050\000M\000T\000G\000P\000/\000I\000C\000M\000\051}{subsection.2.3}% 23
\BOOKMARK [2][-]{subsection.2.4}{\376\377\000I\000m\000p\000l\000\351\000m\000e\000n\000t\000a\000t\000i\000o\000n\000\040\000a\000l\000g\000o\000r\000i\000t\000h\000m\000i\000q\000u\000e\000\040\000e\000t\000\040\000a\000r\000c\000h\000i\000t\000e\000c\000t\000u\000r\000e}{section.2}% 24
\BOOKMARK [3][-]{subsubsection.2.4.1}{\376\377\000I\000n\000f\000r\000a\000s\000t\000r\000u\000c\000t\000u\000r\000e\000\040\000d\000e\000\040\000d\000o\000n\000n\000\351\000e\000s\000\040\000e\000t\000\040\000p\000i\000p\000e\000l\000i\000n\000e\000\040\000h\000i\000\351\000r\000a\000r\000c\000h\000i\000q\000u\000e}{subsection.2.4}% 25
\BOOKMARK [3][-]{subsubsection.2.4.2}{\376\377\000A\000l\000g\000o\000r\000i\000t\000h\000m\000e\000\040\000K\000E\000D\000-\000H\000\040\040\024\000\040\000\351\000t\000a\000p\000e\000s}{subsection.2.4}% 26
\BOOKMARK [3][-]{subsubsection.2.4.3}{\376\377\000V\000a\000l\000i\000d\000a\000t\000i\000o\000n\000\040\000c\000r\000o\000i\000s\000\351\000e\000\040\000L\000e\000a\000v\000e\000-\000O\000n\000e\000-\000O\000u\000t\000\040\000r\000i\000g\000o\000u\000r\000e\000u\000s\000e}{subsection.2.4}% 27
\BOOKMARK [3][-]{subsubsection.2.4.4}{\376\377\000C\000a\000l\000i\000b\000r\000a\000t\000i\000o\000n\000\040\000d\000u\000\040\000p\000a\000r\000a\000m\000\350\000t\000r\000e\000\040\000R\000i\000d\000g\000e}{subsection.2.4}% 28
\BOOKMARK [3][-]{subsubsection.2.4.5}{\376\377\000A\000n\000a\000l\000y\000s\000e\000\040\000d\000e\000s\000\040\000c\000o\000m\000p\000o\000s\000a\000n\000t\000e\000s\000\040\000P\000L\000S}{subsection.2.4}% 29
\BOOKMARK [3][-]{subsubsection.2.4.6}{\376\377\000P\000a\000r\000a\000m\000\350\000t\000r\000e\000s\000\040\000v\000a\000r\000i\000o\000g\000r\000a\000p\000h\000i\000q\000u\000e\000s\000\040\000p\000a\000r\000\040\000p\000a\000r\000a\000m\000\350\000t\000r\000e}{subsection.2.4}% 30
\BOOKMARK [1][-]{section.3}{\376\377\000R\000\351\000s\000u\000l\000t\000a\000t\000s}{}% 31
\BOOKMARK [2][-]{subsection.3.1}{\376\377\000V\000a\000l\000i\000d\000a\000t\000i\000o\000n\000\040\000e\000t\000\040\000p\000e\000r\000f\000o\000r\000m\000a\000n\000c\000e\000s\000\040\000d\000e\000s\000\040\000m\000o\000d\000\350\000l\000e\000s}{section.3}% 32
\BOOKMARK [3][-]{subsubsection.3.1.1}{\376\377\000P\000e\000r\000f\000o\000r\000m\000a\000n\000c\000e\000\040\000L\000O\000O\000-\000C\000V\000\040\000c\000o\000m\000p\000a\000r\000a\000t\000i\000v\000e}{subsection.3.1}% 33
\BOOKMARK [3][-]{subsubsection.3.1.2}{\376\377\000P\000a\000r\000a\000m\000\350\000t\000r\000e\000s\000\040\000d\000e\000\040\000p\000o\000r\000t\000a\000n\000c\000e\000\040\000e\000t\000\040\000i\000n\000-\000s\000i\000t\000u}{subsection.3.1}% 34
\BOOKMARK [3][-]{subsubsection.3.1.3}{\376\377\000D\000\351\000g\000r\000a\000d\000a\000t\000i\000o\000n\000\040\000d\000e\000\040\000l\000a\000\040\000p\000r\000\351\000c\000i\000s\000i\000o\000n\000\040\000a\000v\000e\000c\000\040\000l\000a\000\040\000p\000r\000o\000f\000o\000n\000d\000e\000u\000r}{subsection.3.1}% 35
\BOOKMARK [3][-]{subsubsection.3.1.4}{\376\377\000R\000\351\000d\000u\000c\000t\000i\000o\000n\000\040\000d\000e\000\040\000v\000a\000r\000i\000a\000n\000c\000e\000\040\000p\000a\000r\000\040\000F\000u\000s\000i\000o\000n\000\040\000B\000a\000y\000\351\000s\000i\000e\000n\000n\000e}{subsection.3.1}% 36
\BOOKMARK [3][-]{subsubsection.3.1.5}{\376\377\000R\000\351\000s\000u\000l\000t\000a\000t\000s\000\040\000V\000f\000S\000-\000P\000L\000S\000\040\000S\000e\000n\000t\000i\000n\000e\000l\000-\0002}{subsection.3.1}% 37
\BOOKMARK [2][-]{subsection.3.2}{\376\377\000P\000r\000\351\000d\000i\000c\000t\000i\000o\000n\000s\000\040\000s\000p\000a\000t\000i\000a\000l\000e\000s\000\040\000e\000t\000\040\000c\000a\000r\000t\000o\000g\000r\000a\000p\000h\000i\000e\000\040\000n\000a\000t\000i\000o\000n\000a\000l\000e}{section.3}% 38
\BOOKMARK [3][-]{subsubsection.3.2.1}{\376\377\000C\000a\000r\000t\000o\000g\000r\000a\000p\000h\000i\000e\000\040\000n\000a\000t\000i\000o\000n\000a\000l\000e}{subsection.3.2}% 39
\BOOKMARK [3][-]{subsubsection.3.2.2}{\376\377\000C\000a\000r\000t\000e\000s\000\040\000t\000h\000\351\000m\000a\000t\000i\000q\000u\000e\000s\000\040\040\024\000\040\000p\000a\000r\000a\000m\000\350\000t\000r\000e\000s\000\040\000d\000'\000a\000r\000g\000i\000l\000o\000s\000i\000t\000\351}{subsection.3.2}% 40
\BOOKMARK [3][-]{subsubsection.3.2.3}{\376\377\000C\000a\000r\000t\000e\000s\000\040\000t\000h\000\351\000m\000a\000t\000i\000q\000u\000e\000s\000\040\040\024\000\040\000p\000a\000r\000a\000m\000\350\000t\000r\000e\000s\000\040\000d\000e\000\040\000p\000o\000r\000t\000a\000n\000c\000e}{subsection.3.2}% 41
\BOOKMARK [3][-]{subsubsection.3.2.4}{\376\377\000T\000r\000a\000n\000s\000e\000c\000t\000\040\000m\000\351\000r\000i\000d\000i\000e\000n\000\040\000e\000t\000\040\000q\000u\000a\000n\000t\000i\000f\000i\000c\000a\000t\000i\000o\000n\000\040\000d\000e\000\040\000l\000'\000i\000n\000c\000e\000r\000t\000i\000t\000u\000d\000e}{subsection.3.2}% 42
\BOOKMARK [3][-]{subsubsection.3.2.5}{\376\377\000V\000a\000r\000i\000a\000b\000i\000l\000i\000t\000\351\000\040\000t\000r\000i\000d\000i\000m\000e\000n\000s\000i\000o\000n\000n\000e\000l\000l\000e\000\040\000d\000u\000\040\000V\000B\000S}{subsection.3.2}% 43
\BOOKMARK [3][-]{subsubsection.3.2.6}{\376\377\000V\000a\000r\000i\000a\000b\000i\000l\000i\000t\000\351\000\040\000t\000r\000i\000d\000i\000m\000e\000n\000s\000i\000o\000n\000n\000e\000l\000l\000e\000\040\000d\000e\000\040\000l\000'\000I\000n\000d\000i\000c\000e\000\040\000d\000e\000\040\000P\000l\000a\000s\000t\000i\000c\000i\000t\000\351}{subsection.3.2}% 44
\BOOKMARK [2][-]{subsection.3.3}{\376\377\000A\000n\000a\000l\000y\000s\000e\000\040\000d\000e\000\040\000s\000e\000n\000s\000i\000b\000i\000l\000i\000t\000\351\000\040\000e\000t\000\040\000r\000o\000b\000u\000s\000t\000e\000s\000s\000e}{section.3}% 45
\BOOKMARK [3][-]{subsubsection.3.3.1}{\376\377\000S\000e\000n\000s\000i\000b\000i\000l\000i\000t\000\351\000\040\000a\000u\000\040\000m\000o\000d\000\350\000l\000e\000\040\000v\000a\000r\000i\000o\000g\000r\000a\000p\000h\000i\000q\000u\000e}{subsection.3.3}% 46
\BOOKMARK [3][-]{subsubsection.3.3.2}{\376\377\000S\000e\000n\000s\000i\000b\000i\000l\000i\000t\000\351\000\040\000\340\000\040\000l\000a\000\040\000t\000a\000i\000l\000l\000e\000\040\000d\000e\000\040\000l\000'\000\351\000c\000h\000a\000n\000t\000i\000l\000l\000o\000n}{subsection.3.3}% 47
\BOOKMARK [3][-]{subsubsection.3.3.3}{\376\377\000I\000n\000f\000l\000u\000e\000n\000c\000e\000\040\000d\000u\000\040\000p\000a\000r\000a\000m\000\350\000t\000r\000e\000\040\000d\000e\000\040\000r\000\351\000g\000u\000l\000a\000r\000i\000s\000a\000t\000i\000o\000n}{subsection.3.3}% 48
\BOOKMARK [3][-]{subsubsection.3.3.4}{\376\377\000P\000e\000r\000f\000o\000r\000m\000a\000n\000c\000e\000\040\000p\000a\000r\000\040\000r\000\351\000g\000i\000o\000n\000\040\000a\000d\000m\000i\000n\000i\000s\000t\000r\000a\000t\000i\000v\000e}{subsection.3.3}% 49
\BOOKMARK [1][-]{section.4}{\376\377\000D\000i\000s\000c\000u\000s\000s\000i\000o\000n}{}% 50
\BOOKMARK [2][-]{subsection.4.1}{\376\377\000A\000n\000a\000l\000y\000s\000e\000\040\000g\000\351\000o\000l\000o\000g\000i\000q\000u\000e\000\040\000d\000e\000s\000\040\000r\000\351\000s\000u\000l\000t\000a\000t\000s}{section.4}% 51
\BOOKMARK [3][-]{subsubsection.4.1.1}{\376\377\000D\000i\000s\000t\000r\000i\000b\000u\000t\000i\000o\000n\000\040\000s\000p\000a\000t\000i\000a\000l\000e\000\040\000d\000u\000\040\000V\000B\000S\000\040\000e\000t\000\040\000c\000o\000n\000t\000r\000\364\000l\000e\000s\000\040\000g\000\351\000o\000l\000o\000g\000i\000q\000u\000e\000s}{subsection.4.1}% 52
\BOOKMARK [3][-]{subsubsection.4.1.2}{\376\377\000C\000o\000m\000p\000a\000r\000a\000i\000s\000o\000n\000\040\000z\000o\000n\000e\000s\000\040\000g\000\351\000o\000l\000o\000g\000i\000q\000u\000e\000s\000\040\000s\000p\000\351\000c\000i\000a\000l\000e\000s\000\040\000v\000s\000\040\000z\000o\000n\000e\000s\000\040\000g\000\351\000n\000\351\000r\000a\000l\000e\000s}{subsection.4.1}% 53
\BOOKMARK [3][-]{subsubsection.4.1.3}{\376\377\000A\000n\000o\000m\000a\000l\000i\000e\000s\000\040\000g\000\351\000o\000t\000e\000c\000h\000n\000i\000q\000u\000e\000s\000\040\000i\000d\000e\000n\000t\000i\000f\000i\000\351\000e\000s}{subsection.4.1}% 54
\BOOKMARK [3][-]{subsubsection.4.1.4}{\376\377\000R\000e\000l\000a\000t\000i\000o\000n\000\040\000V\000B\000S\040\023\000I\000P\000\040\000e\000t\000\040\000c\000o\000h\000\351\000r\000e\000n\000c\000e\000\040\000p\000h\000y\000s\000i\000q\000u\000e}{subsection.4.1}% 55
\BOOKMARK [3][-]{subsubsection.4.1.5}{\376\377\000I\000n\000t\000e\000r\000p\000r\000\351\000t\000a\000t\000i\000o\000n\000\040\000d\000e\000\040\000l\000a\000\040\000m\000a\000t\000r\000i\000c\000e\000\040\000d\000e\000\040\000c\000o\000r\000e\000g\000i\000o\000n\000a\000l\000i\000s\000a\000t\000i\000o\000n}{subsection.4.1}% 56
\BOOKMARK [3][-]{subsubsection.4.1.6}{\376\377\000A\000n\000a\000l\000y\000s\000e\000\040\000d\000e\000\040\000l\000'\000i\000n\000c\000e\000r\000t\000i\000t\000u\000d\000e\000\040\000s\000p\000a\000t\000i\000a\000l\000e}{subsection.4.1}% 57
\BOOKMARK [2][-]{subsection.4.2}{\376\377\000S\000y\000n\000t\000h\000\350\000s\000e\000\040\000e\000t\000\040\000p\000o\000s\000i\000t\000i\000o\000n\000n\000e\000m\000e\000n\000t\000\040\000s\000c\000i\000e\000n\000t\000i\000f\000i\000q\000u\000e}{section.4}% 58
\BOOKMARK [3][-]{subsubsection.4.2.1}{\376\377\000P\000o\000s\000i\000t\000i\000o\000n\000\040\000d\000a\000n\000s\000\040\000l\000a\000\040\000l\000i\000t\000t\000\351\000r\000a\000t\000u\000r\000e}{subsection.4.2}% 59
\BOOKMARK [3][-]{subsubsection.4.2.2}{\376\377\000G\000a\000i\000n\000\040\000d\000u\000\040\000c\000o\000-\000k\000r\000i\000g\000e\000a\000g\000e\000\040\000M\000T\000G\000P}{subsection.4.2}% 60
\BOOKMARK [3][-]{subsubsection.4.2.3}{\376\377\000S\000y\000n\000t\000h\000\350\000s\000e\000\040\000d\000e\000\040\000l\000a\000\040\000h\000i\000\351\000r\000a\000r\000c\000h\000i\000e\000\040\000L\0001\040\023\000L\0004}{subsection.4.2}% 61
\BOOKMARK [2][-]{subsection.4.3}{\376\377\000I\000m\000p\000l\000i\000c\000a\000t\000i\000o\000n\000s\000\040\000p\000r\000a\000t\000i\000q\000u\000e\000s\000\040\000e\000t\000\040\000l\000i\000m\000i\000t\000e\000s}{section.4}% 62
\BOOKMARK [3][-]{subsubsection.4.3.1}{\376\377\000P\000o\000l\000i\000t\000i\000q\000u\000e\000s\000\040\000d\000e\000\040\000s\000e\000u\000i\000l\000l\000a\000g\000e\000\040\000p\000o\000u\000r\000\040\000l\000a\000\040\000c\000l\000a\000s\000s\000i\000f\000i\000c\000a\000t\000i\000o\000n\000\040\000g\000\351\000o\000t\000e\000c\000h\000n\000i\000q\000u\000e}{subsection.4.3}% 63
\BOOKMARK [3][-]{subsubsection.4.3.2}{\376\377\000L\000i\000m\000i\000t\000e\000s\000\040\000\351\000p\000i\000s\000t\000\351\000m\000i\000q\000u\000e\000s\000\040\000e\000t\000\040\000t\000e\000c\000h\000n\000i\000q\000u\000e\000s}{subsection.4.3}% 64
\BOOKMARK [2][-]{subsection.4.4}{\376\377\000P\000e\000r\000s\000p\000e\000c\000t\000i\000v\000e\000s\000\040\000e\000t\000\040\000d\000\351\000v\000e\000l\000o\000p\000p\000e\000m\000e\000n\000t\000s\000\040\000f\000u\000t\000u\000r\000s}{section.4}% 65
\BOOKMARK [3][-]{subsubsection.4.4.1}{\376\377\000C\000a\000t\000B\000o\000o\000s\000t\000\040\040\024\000\040\000c\000o\000n\000d\000i\000t\000i\000o\000n\000s\000\040\000d\000'\000a\000c\000t\000i\000v\000a\000t\000i\000o\000n}{subsection.4.4}% 66
\BOOKMARK [3][-]{subsubsection.4.4.2}{\376\377\000K\000r\000i\000g\000e\000a\000g\000e\000\040\000t\000r\000a\000n\000s\000c\000e\000n\000d\000a\000n\000t\000\040\000e\000t\000\040\000m\000o\000d\000\350\000l\000e\000s\000\040\000n\000o\000n\000-\000l\000i\000n\000\351\000a\000i\000r\000e\000s}{subsection.4.4}% 67
\BOOKMARK [3][-]{subsubsection.4.4.3}{\376\377\000V\000e\000r\000s\000\040\000u\000n\000e\000\040\000p\000r\000\351\000d\000i\000c\000t\000i\000o\000n\000\040\000t\000e\000m\000p\000o\000r\000e\000l\000l\000e\000\040\000:\000\040\000a\000t\000l\000a\000s\000\040\000d\000y\000n\000a\000m\000i\000q\000u\000e}{subsection.4.4}% 68
\BOOKMARK [3][-]{subsubsection.4.4.4}{\376\377\000A\000m\000\351\000l\000i\000o\000r\000a\000t\000i\000o\000n\000\040\000d\000e\000\040\000l\000a\000\040\000c\000o\000v\000a\000r\000i\000a\000b\000l\000e\000\040\000V\000f\000S\000\040\000p\000a\000r\000\040\000S\000A\000R}{subsection.4.4}% 69
\BOOKMARK [3][-]{subsubsection.4.4.5}{\376\377\000E\000n\000r\000i\000c\000h\000i\000s\000s\000e\000m\000e\000n\000t\000\040\000d\000u\000\040\000M\000T\000G\000P}{subsection.4.4}% 70
\BOOKMARK [3][-]{subsubsection.4.4.6}{\376\377\000P\000a\000s\000s\000a\000g\000e\000\040\000\340\000\040\000l\000'\000\351\000c\000h\000e\000l\000l\000e\000\040\000:\000\040\000d\000\351\000p\000l\000o\000i\000e\000m\000e\000n\000t\000\040\000r\000\351\000g\000i\000o\000n\000a\000l\000\040\000A\000f\000r\000i\000q\000u\000e\000\040\000d\000e\000\040\000l\000'\000O\000u\000e\000s\000t}{subsection.4.4}% 71
\BOOKMARK [1][-]{section.5}{\376\377\000C\000o\000n\000c\000l\000u\000s\000i\000o\000n}{}% 72
\BOOKMARK [2][-]{subsection.5.1}{\376\377\000S\000y\000n\000t\000h\000\350\000s\000e\000\040\000f\000i\000n\000a\000l\000e\000\040\000e\000t\000\040\000l\000i\000v\000r\000a\000b\000l\000e\000s\000\040\000d\000e\000\040\000l\000'\000A\000t\000l\000a\000s}{section.5}% 73
\BOOKMARK [1][-]{appendix.A}{\376\377\000N\000o\000t\000a\000t\000i\000o\000n\000\040\000e\000t\000\040\000g\000l\000o\000s\000s\000a\000i\000r\000e}{}% 74
\BOOKMARK [1][-]{appendix.B}{\376\377\000P\000a\000r\000a\000m\000\350\000t\000r\000e\000s\000\040\000v\000a\000r\000i\000o\000g\000r\000a\000p\000h\000i\000q\000u\000e\000s\000\040\000s\000p\000h\000\351\000r\000i\000q\000u\000e\000s\000\040\040\024\000\040\000H\0001}{}% 75
\BOOKMARK [1][-]{appendix.C}{\376\377\000L\000O\000O\000-\000R\000M\000S\000E\000\040\000c\000o\000m\000p\000l\000e\000t\000\040\040\024\000\040\0001\0005\000\040\000c\000o\000m\000p\000a\000r\000a\000i\000s\000o\000n\000s\000\040\000K\000E\000D\000-\000H\000\040\000v\000s\000\040\000R\000K}{}% 76
\BOOKMARK [1][-]{appendix.D}{\376\377\000M\000a\000t\000r\000i\000c\000e\000s\000\040\000d\000e\000\040\000c\000o\000r\000r\000\351\000l\000a\000t\000i\000o\000n\000\040\000c\000o\000m\000p\000l\000\350\000t\000e\000s}{}% 77
\BOOKMARK [1][-]{appendix.E}{\376\377\000C\000l\000a\000s\000s\000i\000f\000i\000c\000a\000t\000i\000o\000n\000\040\000g\000\351\000o\000t\000e\000c\000h\000n\000i\000q\000u\000e\000\040\000N\000F\000\040\000P\000\040\0001\0001\000-\0003\0000\0000}{}% 78
\BOOKMARK [1][-]{appendix.F}{\376\377\000M\000e\000i\000l\000l\000e\000u\000r\000\040\000m\000o\000d\000\350\000l\000e\000\040\000p\000a\000r\000\040\000p\000a\000r\000a\000m\000\350\000t\000r\000e\000\040\000e\000t\000\040\000h\000o\000r\000i\000z\000o\000n}{}% 79
\BOOKMARK [1][-]{appendix.G}{\376\377\000S\000t\000a\000t\000i\000s\000t\000i\000q\000u\000e\000s\000\040\000d\000e\000\040\000c\000o\000u\000v\000e\000r\000t\000u\000r\000e\000\040\000p\000a\000r\000\040\000r\000\351\000g\000i\000o\000n}{}% 80
\BOOKMARK [1][-]{appendix.H}{\376\377\000P\000a\000r\000a\000m\000\350\000t\000r\000e\000s\000\040\000d\000u\000\040\000m\000o\000d\000\350\000l\000e\000\040\000M\000T\000G\000P\000/\000I\000C\000M}{}% 81
\BOOKMARK [1][-]{appendix.I}{\376\377\000P\000r\000o\000t\000o\000c\000o\000l\000e\000\040\000d\000'\000i\000n\000t\000\351\000g\000r\000a\000t\000i\000o\000n\000\040\000d\000e\000\040\000n\000o\000u\000v\000e\000a\000u\000x\000\040\000s\000o\000n\000d\000a\000g\000e\000s}{}% 82
