\BOOKMARK [1][-]{section.1}{\376\377\000I\000n\000t\000r\000o\000d\000u\000c\000t\000i\000o\000n}{}% 1
\BOOKMARK [1][-]{section.2}{\376\377\000R\000a\000p\000p\000e\000l\000s\000\040\000t\000h\000\351\000o\000r\000i\000q\000u\000e\000s\000\040\000s\000u\000r\000\040\000l\000a\000\040\000g\000\351\000o\000s\000t\000a\000t\000i\000s\000t\000i\000q\000u\000e\000\040\000l\000i\000n\000\351\000a\000i\000r\000e}{}% 2
\BOOKMARK [2][-]{subsection.2.1}{\376\377\000H\000y\000p\000o\000t\000h\000\350\000s\000e\000s\000\040\000d\000e\000\040\000s\000t\000a\000t\000i\000o\000n\000n\000a\000r\000i\000t\000\351}{section.2}% 3
\BOOKMARK [2][-]{subsection.2.2}{\376\377\000P\000r\000o\000p\000r\000i\000\351\000t\000\351\000s\000\040\000d\000'\000o\000p\000t\000i\000m\000a\000l\000i\000t\000\351\000\040\000d\000u\000\040\000k\000r\000i\000g\000e\000a\000g\000e}{section.2}% 4
\BOOKMARK [2][-]{subsection.2.3}{\376\377\000R\000e\000l\000a\000t\000i\000o\000n\000\040\000e\000n\000t\000r\000e\000\040\000k\000r\000i\000g\000e\000a\000g\000e\000\040\000e\000t\000\040\000r\000\351\000g\000r\000e\000s\000s\000i\000o\000n}{section.2}% 5
\BOOKMARK [2][-]{subsection.2.4}{\376\377\000I\000n\000t\000e\000r\000v\000a\000l\000l\000e\000s\000\040\000d\000e\000\040\000p\000r\000\351\000d\000i\000c\000t\000i\000o\000n\000\040\000v\000s\000\040\000i\000n\000t\000e\000r\000v\000a\000l\000l\000e\000s\000\040\000d\000e\000\040\000c\000o\000n\000f\000i\000a\000n\000c\000e}{section.2}% 6
\BOOKMARK [1][-]{section.3}{\376\377\000Z\000o\000n\000e\000\040\000d\000'\000\351\000t\000u\000d\000e\000,\000\040\000d\000o\000n\000n\000\351\000e\000s\000\040\000e\000t\000\040\000c\000o\000n\000t\000e\000x\000t\000e\000\040\000g\000\351\000o\000l\000o\000g\000i\000q\000u\000e}{}% 7
\BOOKMARK [2][-]{subsection.3.1}{\376\377\000T\000e\000r\000r\000i\000t\000o\000i\000r\000e\000\040\000t\000o\000g\000o\000l\000a\000i\000s\000\040\000e\000t\000\040\000c\000o\000n\000t\000r\000a\000i\000n\000t\000e\000s\000\040\000s\000p\000a\000t\000i\000a\000l\000e\000s}{section.3}% 8
\BOOKMARK [2][-]{subsection.3.2}{\376\377\000B\000a\000s\000e\000\040\000d\000e\000\040\000d\000o\000n\000n\000\351\000e\000s\000\040\000g\000\351\000o\000t\000e\000c\000h\000n\000i\000q\000u\000e\000s}{section.3}% 9
\BOOKMARK [2][-]{subsection.3.3}{\376\377\000C\000o\000u\000c\000h\000e\000s\000\040\000g\000\351\000o\000l\000o\000g\000i\000q\000u\000e\000s\000\040\000e\000t\000\040\000p\000\351\000d\000o\000l\000o\000g\000i\000q\000u\000e\000s\000\040\000a\000u\000x\000i\000l\000i\000a\000i\000r\000e\000s}{section.3}% 10
\BOOKMARK [1][-]{section.4}{\376\377\000F\000o\000r\000m\000u\000l\000a\000t\000i\000o\000n\000s\000\040\000m\000a\000t\000h\000\351\000m\000a\000t\000i\000q\000u\000e\000s\000\040\000d\000e\000s\000\040\000m\000o\000d\000\350\000l\000e\000s}{}% 11
\BOOKMARK [2][-]{subsection.4.1}{\376\377\000L\0001\000\040\040\024\000\040\000K\000r\000i\000g\000e\000a\000g\000e\000\040\000a\000v\000e\000c\000\040\000D\000\351\000r\000i\000v\000e\000\040\000E\000x\000t\000e\000r\000n\000e\000\040\000H\000i\000\351\000r\000a\000r\000c\000h\000i\000q\000u\000e\000\040\000\050\000K\000E\000D\000-\000H\000\051}{section.4}% 12
\BOOKMARK [3][-]{subsubsection.4.1.1}{\376\377\000M\000o\000d\000\350\000l\000e\000\040\000s\000t\000r\000u\000c\000t\000u\000r\000a\000l}{subsection.4.1}% 13
\BOOKMARK [3][-]{subsubsection.4.1.2}{\376\377\000P\000r\000i\000o\000r\000\040\000h\000i\000\351\000r\000a\000r\000c\000h\000i\000q\000u\000e\000\040\000\340\000\040\000c\000i\000n\000q\000\040\000n\000i\000v\000e\000a\000u\000x}{subsection.4.1}% 14
\BOOKMARK [3][-]{subsubsection.4.1.3}{\376\377\000\311\000q\000u\000a\000t\000i\000o\000n\000s\000\040\000d\000e\000\040\000k\000r\000i\000g\000e\000a\000g\000e}{subsection.4.1}% 15
\BOOKMARK [3][-]{subsubsection.4.1.4}{\376\377\000M\000o\000d\000\350\000l\000e\000\040\000v\000a\000r\000i\000o\000g\000r\000a\000p\000h\000i\000q\000u\000e}{subsection.4.1}% 16
\BOOKMARK [2][-]{subsection.4.2}{\376\377\000L\0002\000a\000\040\040\024\000\040\000R\000\351\000g\000r\000e\000s\000s\000i\000o\000n\000\040\000K\000r\000i\000g\000i\000n\000g\000\040\000S\000C\000O\000R\000P\000A\000N\000\040\000\050\000R\000K\000\051}{section.4}% 17
\BOOKMARK [3][-]{subsubsection.4.2.1}{\376\377\000C\000a\000d\000r\000e\000\040\000c\000o\000n\000c\000e\000p\000t\000u\000e\000l\000\040\000S\000C\000O\000R\000P\000A\000N}{subsection.4.2}% 18
\BOOKMARK [3][-]{subsubsection.4.2.2}{\376\377\000R\000\351\000g\000r\000e\000s\000s\000i\000o\000n\000\040\000p\000a\000r\000\040\000R\000i\000d\000g\000e\000\040\000e\000t\000\040\000c\000o\000v\000a\000r\000i\000a\000b\000l\000e\000s}{subsection.4.2}% 19
\BOOKMARK [3][-]{subsubsection.4.2.3}{\376\377\000K\000r\000i\000g\000e\000a\000g\000e\000\040\000d\000e\000s\000\040\000r\000\351\000s\000i\000d\000u\000s}{subsection.4.2}% 20
\BOOKMARK [2][-]{subsection.4.3}{\376\377\000L\0002\000b\000\040\040\024\000\040\000F\000u\000s\000i\000o\000n\000\040\000B\000a\000y\000\351\000s\000i\000e\000n\000n\000e\000\040\000p\000a\000r\000\040\000B\000L\000U\000P}{section.4}% 21
\BOOKMARK [3][-]{subsubsection.4.3.1}{\376\377\000M\000o\000t\000i\000v\000a\000t\000i\000o\000n\000\040\000t\000h\000\351\000o\000r\000i\000q\000u\000e}{subsection.4.3}% 22
\BOOKMARK [3][-]{subsubsection.4.3.2}{\376\377\000C\000o\000m\000b\000i\000n\000a\000i\000s\000o\000n\000\040\000p\000o\000n\000d\000\351\000r\000\351\000e\000\040\000p\000a\000r\000\040\000i\000n\000c\000e\000r\000t\000i\000t\000u\000d\000e}{subsection.4.3}% 23
\BOOKMARK [2][-]{subsection.4.4}{\376\377\000L\0003\000\040\040\024\000\040\000R\000\351\000g\000r\000e\000s\000s\000i\000o\000n\000\040\000P\000L\000S\000\040\000s\000u\000r\000\040\000I\000n\000d\000i\000c\000e\000s\000\040\000S\000p\000e\000c\000t\000r\000a\000u\000x\000\040\000S\000e\000n\000t\000i\000n\000e\000l\000-\0002\000\040\000\050\000V\000f\000S\000-\000P\000L\000S\000\051}{section.4}% 24
\BOOKMARK [3][-]{subsubsection.4.4.1}{\376\377\000F\000o\000n\000d\000e\000m\000e\000n\000t\000s\000\040\000s\000c\000i\000e\000n\000t\000i\000f\000i\000q\000u\000e\000s}{subsection.4.4}% 25
\BOOKMARK [3][-]{subsubsection.4.4.2}{\376\377\000M\000o\000d\000\350\000l\000e\000\040\000P\000L\000S}{subsection.4.4}% 26
\BOOKMARK [2][-]{subsection.4.5}{\376\377\000L\0004\000\040\040\024\000\040\000P\000r\000o\000c\000e\000s\000s\000u\000s\000\040\000G\000a\000u\000s\000s\000i\000e\000n\000\040\000M\000u\000l\000t\000i\000-\000T\000\342\000c\000h\000e\000s\000\040\000\050\000M\000T\000G\000P\000/\000I\000C\000M\000\051}{section.4}% 27
\BOOKMARK [3][-]{subsubsection.4.5.1}{\376\377\000M\000o\000d\000\350\000l\000e\000\040\000d\000e\000\040\000C\000o\000r\000e\000g\000i\000o\000n\000a\000l\000i\000s\000a\000t\000i\000o\000n\000\040\000I\000n\000t\000r\000i\000n\000s\000\350\000q\000u\000e}{subsection.4.5}% 28
\BOOKMARK [3][-]{subsubsection.4.5.2}{\376\377\000A\000v\000a\000n\000t\000a\000g\000e\000\040\000d\000u\000\040\000c\000o\000-\000k\000r\000i\000g\000e\000a\000g\000e}{subsection.4.5}% 29
\BOOKMARK [1][-]{section.5}{\376\377\000A\000r\000c\000h\000i\000t\000e\000c\000t\000u\000r\000e\000\040\000d\000u\000\040\000s\000y\000s\000t\000\350\000m\000e\000\040\000e\000t\000\040\000p\000i\000p\000e\000l\000i\000n\000e\000\040\000d\000e\000\040\000c\000a\000l\000c\000u\000l}{}% 30
\BOOKMARK [2][-]{subsection.5.1}{\376\377\000I\000n\000f\000r\000a\000s\000t\000r\000u\000c\000t\000u\000r\000e\000\040\000d\000e\000\040\000d\000o\000n\000n\000\351\000e\000s}{section.5}% 31
\BOOKMARK [2][-]{subsection.5.2}{\376\377\000P\000i\000p\000e\000l\000i\000n\000e\000\040\000h\000i\000\351\000r\000a\000r\000c\000h\000i\000q\000u\000e}{section.5}% 32
\BOOKMARK [2][-]{subsection.5.3}{\376\377\000V\000a\000l\000i\000d\000a\000t\000i\000o\000n\000\040\000c\000r\000o\000i\000s\000\351\000e\000\040\000L\000e\000a\000v\000e\000-\000O\000n\000e\000-\000O\000u\000t}{section.5}% 33
\BOOKMARK [1][-]{section.6}{\376\377\000R\000\351\000s\000u\000l\000t\000a\000t\000s\000\040\000e\000t\000\040\000v\000a\000l\000i\000d\000a\000t\000i\000o\000n}{}% 34
\BOOKMARK [2][-]{subsection.6.1}{\376\377\000P\000e\000r\000f\000o\000r\000m\000a\000n\000c\000e\000\040\000L\000O\000O\000-\000C\000V\000\040\000c\000o\000m\000p\000a\000r\000a\000t\000i\000v\000e}{section.6}% 35
\BOOKMARK [2][-]{subsection.6.2}{\376\377\000D\000\351\000g\000r\000a\000d\000a\000t\000i\000o\000n\000\040\000d\000e\000\040\000l\000a\000\040\000p\000r\000\351\000c\000i\000s\000i\000o\000n\000\040\000a\000v\000e\000c\000\040\000l\000a\000\040\000p\000r\000o\000f\000o\000n\000d\000e\000u\000r}{section.6}% 36
\BOOKMARK [2][-]{subsection.6.3}{\376\377\000R\000\351\000d\000u\000c\000t\000i\000o\000n\000\040\000d\000e\000\040\000v\000a\000r\000i\000a\000n\000c\000e\000\040\000p\000a\000r\000\040\000F\000u\000s\000i\000o\000n\000\040\000B\000a\000y\000\351\000s\000i\000e\000n\000n\000e}{section.6}% 37
\BOOKMARK [2][-]{subsection.6.4}{\376\377\000P\000r\000\351\000d\000i\000c\000t\000i\000o\000n\000s\000\040\000s\000p\000a\000t\000i\000a\000l\000e\000s\000\040\000e\000t\000\040\000c\000a\000r\000t\000o\000g\000r\000a\000p\000h\000i\000e\000\040\000n\000a\000t\000i\000o\000n\000a\000l\000e}{section.6}% 38
\BOOKMARK [2][-]{subsection.6.5}{\376\377\000R\000\351\000s\000u\000l\000t\000a\000t\000s\000\040\000V\000f\000S\000-\000P\000L\000S\000\040\000\050\000S\000e\000n\000t\000i\000n\000e\000l\000-\0002\000\051}{section.6}% 39
\BOOKMARK [2][-]{subsection.6.6}{\376\377\000P\000r\000o\000f\000i\000l\000\040\000d\000e\000\040\000p\000r\000\351\000d\000i\000c\000t\000i\000o\000n\000\040\000e\000t\000\040\000i\000n\000c\000e\000r\000t\000i\000t\000u\000d\000e\000\040\000s\000p\000a\000t\000i\000a\000l\000e}{section.6}% 40
\BOOKMARK [1][-]{section.7}{\376\377\000D\000i\000s\000c\000u\000s\000s\000i\000o\000n}{}% 41
\BOOKMARK [2][-]{subsection.7.1}{\376\377\000I\000n\000t\000e\000r\000p\000r\000\351\000t\000a\000t\000i\000o\000n\000\040\000g\000\351\000o\000t\000e\000c\000h\000n\000i\000q\000u\000e\000\040\000d\000e\000s\000\040\000r\000\351\000s\000u\000l\000t\000a\000t\000s}{section.7}% 42
\BOOKMARK [2][-]{subsection.7.2}{\376\377\000P\000o\000s\000i\000t\000i\000o\000n\000\040\000d\000a\000n\000s\000\040\000l\000a\000\040\000l\000i\000t\000t\000\351\000r\000a\000t\000u\000r\000e}{section.7}% 43
\BOOKMARK [2][-]{subsection.7.3}{\376\377\000L\000i\000m\000i\000t\000e\000s\000\040\000e\000t\000\040\000p\000e\000r\000s\000p\000e\000c\000t\000i\000v\000e\000s}{section.7}% 44
\BOOKMARK [2][-]{subsection.7.4}{\376\377\000G\000a\000i\000n\000\040\000d\000u\000\040\000c\000o\000-\000k\000r\000i\000g\000e\000a\000g\000e\000\040\000M\000T\000G\000P}{section.7}% 45
\BOOKMARK [2][-]{subsection.7.5}{\376\377\000S\000y\000n\000t\000h\000\350\000s\000e\000\040\000d\000e\000\040\000l\000a\000\040\000h\000i\000\351\000r\000a\000r\000c\000h\000i\000e\000\040\000L\0001\040\023\000L\0004}{section.7}% 46
\BOOKMARK [1][-]{section.8}{\376\377\000C\000o\000n\000c\000l\000u\000s\000i\000o\000n}{}% 47
\BOOKMARK [1][-]{section.9}{\376\377\000A\000n\000a\000l\000y\000s\000e\000\040\000d\000e\000\040\000s\000e\000n\000s\000i\000b\000i\000l\000i\000t\000\351\000\040\000e\000t\000\040\000r\000o\000b\000u\000s\000t\000e\000s\000s\000e}{}% 48
\BOOKMARK [2][-]{subsection.9.1}{\376\377\000S\000e\000n\000s\000i\000b\000i\000l\000i\000t\000\351\000\040\000a\000u\000\040\000m\000o\000d\000\350\000l\000e\000\040\000v\000a\000r\000i\000o\000g\000r\000a\000p\000h\000i\000q\000u\000e}{section.9}% 49
\BOOKMARK [2][-]{subsection.9.2}{\376\377\000S\000e\000n\000s\000i\000b\000i\000l\000i\000t\000\351\000\040\000\340\000\040\000l\000a\000\040\000t\000a\000i\000l\000l\000e\000\040\000d\000e\000\040\000l\000'\000\351\000c\000h\000a\000n\000t\000i\000l\000l\000o\000n}{section.9}% 50
\BOOKMARK [2][-]{subsection.9.3}{\376\377\000I\000n\000f\000l\000u\000e\000n\000c\000e\000\040\000d\000u\000\040\000p\000a\000r\000a\000m\000\350\000t\000r\000e\000\040\000d\000e\000\040\000r\000\351\000g\000u\000l\000a\000r\000i\000s\000a\000t\000i\000o\000n\000\040\000s\000u\000r\000\040\000l\000a\000\040\000p\000r\000\351\000d\000i\000c\000t\000i\000o\000n\000\040\000s\000p\000a\000t\000i\000a\000l\000e}{section.9}% 51
\BOOKMARK [2][-]{subsection.9.4}{\376\377\000P\000e\000r\000f\000o\000r\000m\000a\000n\000c\000e\000\040\000p\000a\000r\000\040\000r\000\351\000g\000i\000o\000n\000\040\000a\000d\000m\000i\000n\000i\000s\000t\000r\000a\000t\000i\000v\000e}{section.9}% 52
\BOOKMARK [1][-]{section.10}{\376\377\000C\000a\000l\000c\000u\000l\000\040\000d\000e\000s\000\040\000c\000o\000v\000a\000r\000i\000a\000b\000l\000e\000s\000\040\000S\000C\000O\000R\000P\000A\000N}{}% 53
\BOOKMARK [2][-]{subsection.10.1}{\376\377\000M\000o\000d\000\350\000l\000e\000\040\000n\000u\000m\000\351\000r\000i\000q\000u\000e\000\040\000d\000e\000\040\000t\000e\000r\000r\000a\000i\000n\000\040\000\050\000D\000S\000M\000\051}{section.10}% 54
\BOOKMARK [2][-]{subsection.10.2}{\376\377\000C\000o\000v\000a\000r\000i\000a\000b\000l\000e\000s\000\040\000c\000l\000i\000m\000a\000t\000i\000q\000u\000e\000s\000\040\000\050\000W\000o\000r\000l\000d\000C\000l\000i\000m\000\051}{section.10}% 55
\BOOKMARK [2][-]{subsection.10.3}{\376\377\000C\000o\000v\000a\000r\000i\000a\000b\000l\000e\000s\000\040\000g\000\351\000o\000l\000o\000g\000i\000q\000u\000e\000s\000\040\000e\000t\000\040\000p\000\351\000d\000o\000l\000o\000g\000i\000q\000u\000e\000s}{section.10}% 56
\BOOKMARK [2][-]{subsection.10.4}{\376\377\000R\000\351\000s\000u\000m\000\351\000\040\000d\000e\000s\000\040\000c\000o\000v\000a\000r\000i\000a\000b\000l\000e\000s}{section.10}% 57
\BOOKMARK [1][-]{section.11}{\376\377\000I\000m\000p\000l\000\351\000m\000e\000n\000t\000a\000t\000i\000o\000n\000\040\000a\000l\000g\000o\000r\000i\000t\000h\000m\000i\000q\000u\000e}{}% 58
\BOOKMARK [2][-]{subsection.11.1}{\376\377\000A\000l\000g\000o\000r\000i\000t\000h\000m\000e\000\040\000K\000E\000D\000-\000H}{section.11}% 59
\BOOKMARK [2][-]{subsection.11.2}{\376\377\000V\000a\000l\000i\000d\000a\000t\000i\000o\000n\000\040\000L\000O\000O\000-\000C\000V\000\040\000r\000i\000g\000o\000u\000r\000e\000u\000s\000e\000\040\000p\000o\000u\000r\000\040\000l\000e\000\040\000R\000K}{section.11}% 60
\BOOKMARK [2][-]{subsection.11.3}{\376\377\000C\000a\000l\000i\000b\000r\000a\000t\000i\000o\000n\000\040\000d\000u\000\040\000p\000a\000r\000a\000m\000\350\000t\000r\000e\000\040\000R\000i\000d\000g\000e\000\040\000R}{section.11}% 61
\BOOKMARK [2][-]{subsection.11.4}{\376\377\000A\000n\000a\000l\000y\000s\000e\000\040\000d\000e\000s\000\040\000c\000o\000m\000p\000o\000s\000a\000n\000t\000e\000s\000\040\000P\000L\000S\000\040\000\050\000V\000f\000S\000\051}{section.11}% 62
\BOOKMARK [2][-]{subsection.11.5}{\376\377\000P\000a\000r\000a\000m\000\350\000t\000r\000e\000s\000\040\000v\000a\000r\000i\000o\000g\000r\000a\000p\000h\000i\000q\000u\000e\000s\000\040\000p\000a\000r\000\040\000p\000a\000r\000a\000m\000\350\000t\000r\000e}{section.11}% 63
\BOOKMARK [1][-]{section.12}{\376\377\000A\000n\000a\000l\000y\000s\000e\000\040\000g\000\351\000o\000l\000o\000g\000i\000q\000u\000e\000\040\000d\000e\000s\000\040\000r\000\351\000s\000u\000l\000t\000a\000t\000s}{}% 64
\BOOKMARK [2][-]{subsection.12.1}{\376\377\000D\000i\000s\000t\000r\000i\000b\000u\000t\000i\000o\000n\000\040\000s\000p\000a\000t\000i\000a\000l\000e\000\040\000d\000u\000\040\000V\000B\000S\000\040\000e\000t\000\040\000c\000o\000n\000t\000r\000\364\000l\000e\000s\000\040\000g\000\351\000o\000l\000o\000g\000i\000q\000u\000e\000s}{section.12}% 65
\BOOKMARK [2][-]{subsection.12.2}{\376\377\000C\000o\000m\000p\000a\000r\000a\000i\000s\000o\000n\000\040\000z\000o\000n\000e\000s\000\040\000g\000\351\000o\000l\000o\000g\000i\000q\000u\000e\000s\000\040\000s\000p\000\351\000c\000i\000a\000l\000e\000s\000\040\000v\000s\000\040\000z\000o\000n\000e\000s\000\040\000g\000\351\000n\000\351\000r\000a\000l\000e\000s}{section.12}% 66
\BOOKMARK [2][-]{subsection.12.3}{\376\377\000A\000n\000o\000m\000a\000l\000i\000e\000s\000\040\000g\000\351\000o\000t\000e\000c\000h\000n\000i\000q\000u\000e\000s\000\040\000i\000d\000e\000n\000t\000i\000f\000i\000\351\000e\000s}{section.12}% 67
\BOOKMARK [2][-]{subsection.12.4}{\376\377\000R\000e\000l\000a\000t\000i\000o\000n\000\040\000V\000B\000S\040\023\000I\000P\000\040\000:\000\040\000d\000r\000o\000i\000t\000e\000\040\000d\000e\000\040\000r\000\351\000g\000r\000e\000s\000s\000i\000o\000n\000\040\000e\000t\000\040\000c\000o\000h\000\351\000r\000e\000n\000c\000e\000\040\000p\000h\000y\000s\000i\000q\000u\000e}{section.12}% 68
\BOOKMARK [2][-]{subsection.12.5}{\376\377\000I\000n\000t\000e\000r\000p\000r\000\351\000t\000a\000t\000i\000o\000n\000\040\000d\000e\000\040\000l\000a\000\040\000m\000a\000t\000r\000i\000c\000e\000\040\000d\000e\000\040\000c\000o\000r\000e\000g\000i\000o\000n\000a\000l\000i\000s\000a\000t\000i\000o\000n}{section.12}% 69
\BOOKMARK [2][-]{subsection.12.6}{\376\377\000C\000o\000m\000p\000a\000r\000a\000i\000s\000o\000n\000\040\000d\000e\000s\000\040\000p\000o\000l\000i\000t\000i\000q\000u\000e\000s\000\040\000d\000e\000\040\000s\000e\000u\000i\000l\000l\000a\000g\000e\000\040\000p\000o\000u\000r\000\040\000l\000a\000\040\000c\000l\000a\000s\000s\000i\000f\000i\000c\000a\000t\000i\000o\000n\000\040\000g\000\351\000o\000t\000e\000c\000h\000n\000i\000q\000u\000e}{section.12}% 70
\BOOKMARK [2][-]{subsection.12.7}{\376\377\000A\000n\000a\000l\000y\000s\000e\000\040\000d\000e\000\040\000l\000'\000i\000n\000c\000e\000r\000t\000i\000t\000u\000d\000e\000\040\000s\000p\000a\000t\000i\000a\000l\000e}{section.12}% 71
\BOOKMARK [1][-]{section.13}{\376\377\000P\000e\000r\000s\000p\000e\000c\000t\000i\000v\000e\000s\000\040\000e\000t\000\040\000d\000\351\000v\000e\000l\000o\000p\000p\000e\000m\000e\000n\000t\000s\000\040\000f\000u\000t\000u\000r\000s}{}% 72
\BOOKMARK [2][-]{subsection.13.1}{\376\377\000C\000a\000t\000B\000o\000o\000s\000t\000\040\000\050\000L\0003\000\040\000M\000L\000\051\000\040\040\024\000\040\000c\000o\000n\000d\000i\000t\000i\000o\000n\000s\000\040\000d\000'\000a\000c\000t\000i\000v\000a\000t\000i\000o\000n}{section.13}% 73
\BOOKMARK [2][-]{subsection.13.2}{\376\377\000K\000r\000i\000g\000e\000a\000g\000e\000\040\000T\000r\000a\000n\000s\000c\000e\000n\000d\000a\000n\000t\000\040\000e\000t\000\040\000M\000o\000d\000\350\000l\000e\000s\000\040\000N\000o\000n\000-\000L\000i\000n\000\351\000a\000i\000r\000e\000s}{section.13}% 74
\BOOKMARK [2][-]{subsection.13.3}{\376\377\000V\000e\000r\000s\000\040\000u\000n\000e\000\040\000p\000r\000\351\000d\000i\000c\000t\000i\000o\000n\000\040\000t\000e\000m\000p\000o\000r\000e\000l\000l\000e\000\040\000:\000\040\000a\000t\000l\000a\000s\000\040\000d\000y\000n\000a\000m\000i\000q\000u\000e}{section.13}% 75
\BOOKMARK [2][-]{subsection.13.4}{\376\377\000A\000m\000\351\000l\000i\000o\000r\000a\000t\000i\000o\000n\000\040\000d\000e\000\040\000l\000a\000\040\000c\000o\000v\000a\000r\000i\000a\000b\000l\000e\000\040\000V\000f\000S\000\040\000p\000a\000r\000\040\000S\000A\000R}{section.13}% 76
\BOOKMARK [2][-]{subsection.13.5}{\376\377\000E\000n\000r\000i\000c\000h\000i\000s\000s\000e\000m\000e\000n\000t\000\040\000d\000u\000\040\000M\000T\000G\000P\000\040\000p\000a\000r\000\040\000m\000e\000s\000u\000r\000e\000s\000\040\000l\000a\000b\000o\000r\000a\000t\000o\000i\000r\000e\000\040\000s\000u\000p\000p\000l\000\351\000m\000e\000n\000t\000a\000i\000r\000e\000s}{section.13}% 77
\BOOKMARK [2][-]{subsection.13.6}{\376\377\000P\000a\000s\000s\000a\000g\000e\000\040\000\340\000\040\000l\000'\000\351\000c\000h\000e\000l\000l\000e\000\040\000:\000\040\000d\000\351\000p\000l\000o\000i\000e\000m\000e\000n\000t\000\040\000r\000\351\000g\000i\000o\000n\000a\000l\000\040\000A\000f\000r\000i\000q\000u\000e\000\040\000d\000e\000\040\000l\000'\000O\000u\000e\000s\000t}{section.13}% 78
\BOOKMARK [1][-]{appendix.A}{\376\377\000N\000o\000t\000a\000t\000i\000o\000n\000s\000\040\000e\000t\000\040\000c\000o\000n\000v\000e\000n\000t\000i\000o\000n\000s\000\040\000m\000a\000t\000h\000\351\000m\000a\000t\000i\000q\000u\000e\000s}{}% 79
\BOOKMARK [1][-]{appendix.B}{\376\377\000P\000a\000r\000a\000m\000\350\000t\000r\000e\000s\000\040\000d\000e\000\040\000c\000a\000l\000i\000b\000r\000a\000t\000i\000o\000n\000\040\000d\000e\000s\000\040\000m\000o\000d\000\350\000l\000e\000s}{}% 80
\BOOKMARK [1][-]{appendix.C}{\376\377\000C\000o\000e\000f\000f\000i\000c\000i\000e\000n\000t\000s\000\040\000R\000i\000d\000g\000e\000\040\000d\000u\000\040\000m\000o\000d\000\350\000l\000e\000\040\000R\000K\000-\000S\000C\000O\000R\000P\000A\000N}{}% 81
\BOOKMARK [1][-]{appendix.D}{\376\377\000P\000r\000o\000t\000o\000c\000o\000l\000e\000\040\000d\000e\000\040\000q\000u\000a\000l\000i\000t\000\351\000\040\000d\000e\000s\000\040\000d\000o\000n\000n\000\351\000e\000s}{}% 82
\BOOKMARK [1][-]{appendix.E}{\376\377\000G\000l\000o\000s\000s\000a\000i\000r\000e\000\040\000d\000e\000s\000\040\000p\000a\000r\000a\000m\000\350\000t\000r\000e\000s\000\040\000g\000\351\000o\000t\000e\000c\000h\000n\000i\000q\000u\000e\000s}{}% 83
\BOOKMARK [1][-]{appendix.F}{\376\377\000M\000\351\000t\000r\000i\000q\000u\000e\000s\000\040\000d\000e\000\040\000p\000e\000r\000f\000o\000r\000m\000a\000n\000c\000e\000\040\000M\000T\000G\000P\000/\000I\000C\000M}{}% 84
\BOOKMARK [1][-]{appendix.G}{\376\377\000P\000e\000r\000f\000o\000r\000m\000a\000n\000c\000e\000\040\000c\000o\000m\000p\000u\000t\000a\000t\000i\000o\000n\000n\000e\000l\000l\000e\000\040\000e\000t\000\040\000d\000\351\000p\000l\000o\000i\000e\000m\000e\000n\000t}{}% 85
\BOOKMARK [2][-]{subsection.G.1}{\376\377\000C\000o\000m\000p\000l\000e\000x\000i\000t\000\351\000\040\000a\000l\000g\000o\000r\000i\000t\000h\000m\000i\000q\000u\000e\000\040\000e\000t\000\040\000t\000e\000m\000p\000s\000\040\000d\000e\000\040\000c\000a\000l\000c\000u\000l}{appendix.G}% 86
\BOOKMARK [2][-]{subsection.G.2}{\376\377\000A\000u\000t\000o\000-\000a\000m\000\351\000l\000i\000o\000r\000a\000t\000i\000o\000n\000\040\000e\000t\000\040\000p\000i\000p\000e\000l\000i\000n\000e\000\040\000d\000e\000\040\000p\000r\000o\000d\000u\000c\000t\000i\000o\000n}{appendix.G}% 87
\BOOKMARK [2][-]{subsection.G.3}{\376\377\000S\000t\000o\000c\000k\000a\000g\000e\000\040\000e\000t\000\040\000i\000n\000t\000e\000r\000r\000o\000g\000a\000t\000i\000o\000n}{appendix.G}% 88
\BOOKMARK [1][-]{appendix.H}{\376\377\000C\000a\000s\000\040\000d\000'\000a\000p\000p\000l\000i\000c\000a\000t\000i\000o\000n\000\040\000:\000\040\000p\000r\000\351\000f\000e\000c\000t\000u\000r\000e\000\040\000d\000e\000\040\000l\000a\000\040\000C\000e\000n\000t\000r\000a\000l\000e}{}% 89
\BOOKMARK [2][-]{subsection.H.1}{\376\377\000C\000o\000n\000t\000e\000x\000t\000e\000\040\000e\000t\000\040\000e\000n\000j\000e\000u\000x}{appendix.H}% 90
\BOOKMARK [2][-]{subsection.H.2}{\376\377\000P\000r\000\351\000d\000i\000c\000t\000i\000o\000n\000s\000\040\000e\000t\000\040\000i\000n\000c\000e\000r\000t\000i\000t\000u\000d\000e\000s\000\040\000s\000u\000r\000\040\000l\000a\000\040\000g\000r\000i\000l\000l\000e\000\040\0002\000\040\000k\000m}{appendix.H}% 91
\BOOKMARK [2][-]{subsection.H.3}{\376\377\000R\000e\000c\000o\000m\000m\000a\000n\000d\000a\000t\000i\000o\000n\000s\000\040\000p\000o\000u\000r\000\040\000l\000a\000\040\000d\000i\000m\000e\000n\000s\000i\000o\000n\000n\000e\000m\000e\000n\000t\000\040\000r\000o\000u\000t\000i\000e\000r}{appendix.H}% 92
\BOOKMARK [2][-]{subsection.H.4}{\376\377\000P\000r\000o\000p\000o\000s\000i\000t\000i\000o\000n\000\040\000d\000e\000\040\000c\000a\000m\000p\000a\000g\000n\000e\000\040\000t\000e\000r\000r\000a\000i\000n\000\040\000c\000o\000m\000p\000l\000\351\000m\000e\000n\000t\000a\000i\000r\000e}{appendix.H}% 93
\BOOKMARK [1][-]{appendix.I}{\376\377\000C\000o\000m\000p\000a\000r\000a\000i\000s\000o\000n\000\040\000a\000v\000e\000c\000\040\000l\000a\000\040\000l\000i\000t\000t\000\351\000r\000a\000t\000u\000r\000e\000\040\000e\000t\000\040\000p\000o\000s\000i\000t\000i\000o\000n\000n\000e\000m\000e\000n\000t}{}% 94
\BOOKMARK [2][-]{subsection.I.1}{\376\377\000C\000o\000m\000p\000a\000r\000a\000i\000s\000o\000n\000\040\000d\000e\000s\000\040\000m\000\351\000t\000h\000o\000d\000e\000s\000\040\000d\000'\000i\000n\000t\000e\000r\000p\000o\000l\000a\000t\000i\000o\000n\000\040\000g\000\351\000o\000t\000e\000c\000h\000n\000i\000q\000u\000e}{appendix.I}% 95
\BOOKMARK [2][-]{subsection.I.2}{\376\377\000O\000r\000i\000g\000i\000n\000a\000l\000i\000t\000\351\000\040\000s\000c\000i\000e\000n\000t\000i\000f\000i\000q\000u\000e}{appendix.I}% 96
\BOOKMARK [2][-]{subsection.I.3}{\376\377\000L\000i\000m\000i\000t\000e\000s\000\040\000\351\000p\000i\000s\000t\000\351\000m\000i\000q\000u\000e\000s}{appendix.I}% 97
\BOOKMARK [2][-]{subsection.I.4}{\376\377\000I\000m\000p\000l\000i\000c\000a\000t\000i\000o\000n\000s\000\040\000p\000o\000u\000r\000\040\000l\000a\000\040\000p\000r\000a\000t\000i\000q\000u\000e\000\040\000p\000r\000o\000f\000e\000s\000s\000i\000o\000n\000n\000e\000l\000l\000e}{appendix.I}% 98
