\BOOKMARK [1][-]{section.1}{\376\377\000I\000n\000t\000r\000o\000d\000u\000c\000t\000i\000o\000n}{}% 1
\BOOKMARK [2][-]{subsection.1.1}{\376\377\000C\000o\000n\000t\000e\000x\000t\000e\000\040\000e\000t\000\040\000p\000r\000o\000b\000l\000\351\000m\000a\000t\000i\000q\000u\000e}{section.1}% 2
\BOOKMARK [2][-]{subsection.1.2}{\376\377\000R\000a\000p\000p\000e\000l\000s\000\040\000t\000h\000\351\000o\000r\000i\000q\000u\000e\000s\000\040\000s\000u\000r\000\040\000l\000a\000\040\000g\000\351\000o\000s\000t\000a\000t\000i\000s\000t\000i\000q\000u\000e\000\040\000l\000i\000n\000\351\000a\000i\000r\000e}{section.1}% 3
\BOOKMARK [3][-]{subsubsection.1.2.1}{\376\377\000H\000y\000p\000o\000t\000h\000\350\000s\000e\000s\000\040\000d\000e\000\040\000s\000t\000a\000t\000i\000o\000n\000n\000a\000r\000i\000t\000\351}{subsection.1.2}% 4
\BOOKMARK [3][-]{subsubsection.1.2.2}{\376\377\000P\000r\000o\000p\000r\000i\000\351\000t\000\351\000s\000\040\000d\000'\000o\000p\000t\000i\000m\000a\000l\000i\000t\000\351\000\040\000d\000u\000\040\000k\000r\000i\000g\000e\000a\000g\000e}{subsection.1.2}% 5
\BOOKMARK [3][-]{subsubsection.1.2.3}{\376\377\000I\000n\000t\000e\000r\000v\000a\000l\000l\000e\000s\000\040\000d\000e\000\040\000p\000r\000\351\000d\000i\000c\000t\000i\000o\000n}{subsection.1.2}% 6
\BOOKMARK [1][-]{section.2}{\376\377\000M\000a\000t\000\351\000r\000i\000e\000l\000\040\000e\000t\000\040\000M\000\351\000t\000h\000o\000d\000e\000s}{}% 7
\BOOKMARK [2][-]{subsection.2.1}{\376\377\000Z\000o\000n\000e\000\040\000d\000'\000\351\000t\000u\000d\000e\000,\000\040\000d\000o\000n\000n\000\351\000e\000s\000\040\000e\000t\000\040\000c\000o\000n\000t\000e\000x\000t\000e\000\040\000g\000\351\000o\000l\000o\000g\000i\000q\000u\000e}{section.2}% 8
\BOOKMARK [3][-]{subsubsection.2.1.1}{\376\377\000T\000e\000r\000r\000i\000t\000o\000i\000r\000e\000\040\000e\000t\000\040\000g\000r\000i\000l\000l\000e\000\040\000n\000a\000t\000i\000o\000n\000a\000l\000e}{subsection.2.1}% 9
\BOOKMARK [3][-]{subsubsection.2.1.2}{\376\377\000B\000a\000s\000e\000\040\000d\000e\000\040\000d\000o\000n\000n\000\351\000e\000s\000\040\000g\000\351\000o\000t\000e\000c\000h\000n\000i\000q\000u\000e\000s}{subsection.2.1}% 10
\BOOKMARK [3][-]{subsubsection.2.1.3}{\376\377\000C\000o\000u\000c\000h\000e\000s\000\040\000g\000\351\000o\000l\000o\000g\000i\000q\000u\000e\000s\000\040\000e\000t\000\040\000p\000\351\000d\000o\000l\000o\000g\000i\000q\000u\000e\000s\000\040\000a\000u\000x\000i\000l\000i\000a\000i\000r\000e\000s}{subsection.2.1}% 11
\BOOKMARK [2][-]{subsection.2.2}{\376\377\000C\000o\000v\000a\000r\000i\000a\000b\000l\000e\000s\000\040\000S\000C\000O\000R\000P\000A\000N}{section.2}% 12
\BOOKMARK [3][-]{subsubsection.2.2.1}{\376\377\000D\000\351\000r\000i\000v\000\351\000s\000\040\000t\000o\000p\000o\000g\000r\000a\000p\000h\000i\000q\000u\000e\000s\000\040\000\050\000D\000S\000M\000\040\000S\000R\000T\000M\000\040\0003\0000\000\040\000m\000\051}{subsection.2.2}% 13
\BOOKMARK [3][-]{subsubsection.2.2.2}{\376\377\000C\000o\000v\000a\000r\000i\000a\000b\000l\000e\000s\000\040\000c\000l\000i\000m\000a\000t\000i\000q\000u\000e\000s\000\040\000\050\000W\000o\000r\000l\000d\000C\000l\000i\000m\000\040\000v\0002\000.\0001\000\051}{subsection.2.2}% 14
\BOOKMARK [3][-]{subsubsection.2.2.3}{\376\377\000C\000o\000v\000a\000r\000i\000a\000b\000l\000e\000s\000\040\000g\000\351\000o\000l\000o\000g\000i\000q\000u\000e\000s\000\040\000e\000t\000\040\000p\000\351\000d\000o\000l\000o\000g\000i\000q\000u\000e\000s}{subsection.2.2}% 15
\BOOKMARK [2][-]{subsection.2.3}{\376\377\000F\000o\000r\000m\000u\000l\000a\000t\000i\000o\000n\000s\000\040\000m\000a\000t\000h\000\351\000m\000a\000t\000i\000q\000u\000e\000s\000\040\000d\000e\000s\000\040\000m\000o\000d\000\350\000l\000e\000s}{section.2}% 16
\BOOKMARK [3][-]{subsubsection.2.3.1}{\376\377\000L\0001\000\040\040\024\000\040\000K\000E\000D\000\040\000H\000i\000\351\000r\000a\000r\000c\000h\000i\000q\000u\000e\000\040\000\050\000K\000E\000D\000-\000H\000\051}{subsection.2.3}% 17
\BOOKMARK [3][-]{subsubsection.2.3.2}{\376\377\000L\0002\000a\000\040\040\024\000\040\000R\000K\000-\000S\000C\000O\000R\000P\000A\000N}{subsection.2.3}% 18
\BOOKMARK [3][-]{subsubsection.2.3.3}{\376\377\000L\0002\000b\000\040\040\024\000\040\000F\000u\000s\000i\000o\000n\000\040\000B\000a\000y\000\351\000s\000i\000e\000n\000n\000e\000\040\000B\000L\000U\000P}{subsection.2.3}% 19
\BOOKMARK [3][-]{subsubsection.2.3.4}{\376\377\000L\0003\000\040\040\024\000\040\000V\000f\000S\000-\000P\000L\000S\000\040\000\050\000S\000e\000n\000t\000i\000n\000e\000l\000-\0002\000\051}{subsection.2.3}% 20
\BOOKMARK [3][-]{subsubsection.2.3.5}{\376\377\000L\0004\000\040\040\024\000\040\000M\000T\000G\000P\000/\000I\000C\000M}{subsection.2.3}% 21
\BOOKMARK [2][-]{subsection.2.4}{\376\377\000I\000m\000p\000l\000\351\000m\000e\000n\000t\000a\000t\000i\000o\000n\000\040\000e\000t\000\040\000v\000a\000l\000i\000d\000a\000t\000i\000o\000n\000\040\000c\000r\000o\000i\000s\000\351\000e}{section.2}% 22
\BOOKMARK [1][-]{section.3}{\376\377\000R\000\351\000s\000u\000l\000t\000a\000t\000s}{}% 23
\BOOKMARK [2][-]{subsection.3.1}{\376\377\000P\000e\000r\000f\000o\000r\000m\000a\000n\000c\000e\000\040\000L\000O\000O\000-\000C\000V\000\040\040\024\000\040\000C\000o\000m\000p\000a\000r\000a\000i\000s\000o\000n\000\040\000i\000n\000t\000e\000r\000-\000m\000o\000d\000\350\000l\000e\000s}{section.3}% 24
\BOOKMARK [3][-]{subsubsection.3.1.1}{\376\377\000V\000u\000e\000\040\000d\000'\000e\000n\000s\000e\000m\000b\000l\000e\000\040\000:\000\040\000t\000o\000u\000s\000\040\000p\000a\000r\000a\000m\000\350\000t\000r\000e\000s\000\040\000H\0001}{subsection.3.1}% 25
\BOOKMARK [3][-]{subsubsection.3.1.2}{\376\377\000P\000a\000r\000a\000m\000\350\000t\000r\000e\000s\000\040\000d\000e\000\040\000p\000o\000r\000t\000a\000n\000c\000e\000\040\000e\000t\000\040\000d\000e\000\040\000c\000a\000r\000a\000c\000t\000\351\000r\000i\000s\000a\000t\000i\000o\000n\000\040\000i\000n\000-\000s\000i\000t\000u}{subsection.3.1}% 26
\BOOKMARK [3][-]{subsubsection.3.1.3}{\376\377\000A\000n\000a\000l\000y\000s\000e\000\040\000p\000a\000r\000\040\000h\000o\000r\000i\000z\000o\000n\000\040\040\024\000\040\000d\000\351\000g\000r\000a\000d\000a\000t\000i\000o\000n\000\040\000a\000v\000e\000c\000\040\000l\000a\000\040\000p\000r\000o\000f\000o\000n\000d\000e\000u\000r}{subsection.3.1}% 27
\BOOKMARK [2][-]{subsection.3.2}{\376\377\000R\000\351\000d\000u\000c\000t\000i\000o\000n\000\040\000d\000e\000\040\000v\000a\000r\000i\000a\000n\000c\000e\000\040\000p\000a\000r\000\040\000F\000u\000s\000i\000o\000n\000\040\000B\000a\000y\000\351\000s\000i\000e\000n\000n\000e}{section.3}% 28
\BOOKMARK [2][-]{subsection.3.3}{\376\377\000P\000r\000\351\000d\000i\000c\000t\000i\000o\000n\000s\000\040\000s\000p\000a\000t\000i\000a\000l\000e\000s\000\040\000e\000t\000\040\000c\000a\000r\000t\000o\000g\000r\000a\000p\000h\000i\000e\000\040\000n\000a\000t\000i\000o\000n\000a\000l\000e}{section.3}% 29
\BOOKMARK [3][-]{subsubsection.3.3.1}{\376\377\000S\000t\000a\000t\000i\000s\000t\000i\000q\000u\000e\000s\000\040\000s\000u\000r\000\040\000l\000a\000\040\000g\000r\000i\000l\000l\000e}{subsection.3.3}% 30
\BOOKMARK [3][-]{subsubsection.3.3.2}{\376\377\000C\000a\000r\000t\000e\000s\000\040\000t\000h\000\351\000m\000a\000t\000i\000q\000u\000e\000s\000\040\000e\000t\000\040\000t\000r\000a\000n\000s\000e\000c\000t\000\040\000N\000-\000S}{subsection.3.3}% 31
\BOOKMARK [3][-]{subsubsection.3.3.3}{\376\377\000R\000\351\000s\000u\000l\000t\000a\000t\000s\000\040\000V\000f\000S\000-\000P\000L\000S}{subsection.3.3}% 32
\BOOKMARK [3][-]{subsubsection.3.3.4}{\376\377\000M\000T\000G\000P\000/\000I\000C\000M\000\040\040\024\000\040\000g\000a\000i\000n\000\040\000d\000u\000\040\000c\000o\000-\000k\000r\000i\000g\000e\000a\000g\000e\000\040\000m\000u\000l\000t\000i\000-\000t\000\342\000c\000h\000e\000s}{subsection.3.3}% 33
\BOOKMARK [2][-]{subsection.3.4}{\376\377\000A\000n\000a\000l\000y\000s\000e\000\040\000d\000e\000\040\000s\000e\000n\000s\000i\000b\000i\000l\000i\000t\000\351\000\040\000e\000t\000\040\000r\000o\000b\000u\000s\000t\000e\000s\000s\000e}{section.3}% 34
\BOOKMARK [3][-]{subsubsection.3.4.1}{\376\377\000S\000e\000n\000s\000i\000b\000i\000l\000i\000t\000\351\000\040\000a\000u\000\040\000m\000o\000d\000\350\000l\000e\000\040\000v\000a\000r\000i\000o\000g\000r\000a\000p\000h\000i\000q\000u\000e}{subsection.3.4}% 35
\BOOKMARK [3][-]{subsubsection.3.4.2}{\376\377\000S\000e\000n\000s\000i\000b\000i\000l\000i\000t\000\351\000\040\000\340\000\040\000l\000a\000\040\000t\000a\000i\000l\000l\000e\000\040\000d\000e\000\040\000l\000'\000\351\000c\000h\000a\000n\000t\000i\000l\000l\000o\000n}{subsection.3.4}% 36
\BOOKMARK [3][-]{subsubsection.3.4.3}{\376\377\000S\000e\000n\000s\000i\000b\000i\000l\000i\000t\000\351\000\040\000a\000u\000\040\000p\000a\000r\000a\000m\000\350\000t\000r\000e\000\040\000d\000e\000\040\000r\000\351\000g\000u\000l\000a\000r\000i\000s\000a\000t\000i\000o\000n\000\040\000R\000i\000d\000g\000e}{subsection.3.4}% 37
\BOOKMARK [1][-]{section.4}{\376\377\000D\000i\000s\000c\000u\000s\000s\000i\000o\000n}{}% 38
\BOOKMARK [2][-]{subsection.4.1}{\376\377\000A\000n\000a\000l\000y\000s\000e\000\040\000g\000\351\000o\000l\000o\000g\000i\000q\000u\000e\000\040\000d\000e\000s\000\040\000r\000\351\000s\000u\000l\000t\000a\000t\000s}{section.4}% 39
\BOOKMARK [3][-]{subsubsection.4.1.1}{\376\377\000D\000i\000s\000t\000r\000i\000b\000u\000t\000i\000o\000n\000\040\000s\000p\000a\000t\000i\000a\000l\000e\000\040\000e\000t\000\040\000c\000o\000n\000t\000r\000\364\000l\000e\000s\000\040\000g\000\351\000o\000l\000o\000g\000i\000q\000u\000e\000s}{subsection.4.1}% 40
\BOOKMARK [3][-]{subsubsection.4.1.2}{\376\377\000A\000n\000o\000m\000a\000l\000i\000e\000\040\000H\0002\000\040\000d\000u\000\040\000R\000K\000-\000S\000C\000O\000R\000P\000A\000N}{subsection.4.1}% 41
\BOOKMARK [3][-]{subsubsection.4.1.3}{\376\377\000D\000\351\000g\000r\000a\000d\000a\000t\000i\000o\000n\000\040\000R\000d\000\040\000\340\000\040\000H\0003}{subsection.4.1}% 42
\BOOKMARK [3][-]{subsubsection.4.1.4}{\376\377\000R\000e\000l\000a\000t\000i\000o\000n\000\040\000V\000B\000S\040\023\000I\000P\000\040\000e\000t\000\040\000c\000o\000h\000\351\000r\000e\000n\000c\000e\000\040\000p\000h\000y\000s\000i\000q\000u\000e}{subsection.4.1}% 43
\BOOKMARK [2][-]{subsection.4.2}{\376\377\000P\000o\000s\000i\000t\000i\000o\000n\000n\000e\000m\000e\000n\000t\000\040\000s\000c\000i\000e\000n\000t\000i\000f\000i\000q\000u\000e\000\040\000e\000t\000\040\000i\000n\000n\000o\000v\000a\000t\000i\000o\000n\000s}{section.4}% 44
\BOOKMARK [2][-]{subsection.4.3}{\376\377\000L\000i\000m\000i\000t\000e\000s\000\040\000e\000t\000\040\000p\000e\000r\000s\000p\000e\000c\000t\000i\000v\000e\000s}{section.4}% 45
\BOOKMARK [3][-]{subsubsection.4.3.1}{\376\377\000L\000i\000m\000i\000t\000e\000s\000\040\000a\000c\000t\000u\000e\000l\000l\000e\000s}{subsection.4.3}% 46
\BOOKMARK [3][-]{subsubsection.4.3.2}{\376\377\000P\000e\000r\000s\000p\000e\000c\000t\000i\000v\000e\000s}{subsection.4.3}% 47
\BOOKMARK [1][-]{section.5}{\376\377\000C\000o\000n\000c\000l\000u\000s\000i\000o\000n}{}% 48
\BOOKMARK [1][-]{appendix.A}{\376\377\000N\000o\000t\000a\000t\000i\000o\000n\000\040\000e\000t\000\040\000g\000l\000o\000s\000s\000a\000i\000r\000e}{}% 49
\BOOKMARK [1][-]{appendix.B}{\376\377\000P\000a\000r\000a\000m\000\350\000t\000r\000e\000s\000\040\000v\000a\000r\000i\000o\000g\000r\000a\000p\000h\000i\000q\000u\000e\000s\000\040\000s\000p\000h\000\351\000r\000i\000q\000u\000e\000s\000\040\040\024\000\040\000t\000o\000u\000s\000\040\000p\000a\000r\000a\000m\000\350\000t\000r\000e\000s\000\040\000H\0001}{}% 50
\BOOKMARK [1][-]{appendix.C}{\376\377\000L\000O\000O\000-\000R\000M\000S\000E\000\040\000c\000o\000m\000p\000l\000e\000t\000\040\040\024\000\040\0001\0005\000\040\000c\000o\000m\000p\000a\000r\000a\000i\000s\000o\000n\000s\000\040\000K\000E\000D\000-\000H\000\040\000v\000s\000\040\000R\000K\000\040\000\050\000H\0001\000/\000H\0002\000/\000H\0003\000\051}{}% 51
